// Jest Snapshot v1, https://goo.gl/fbAQLP

exports[`renders correctly 1`] = `
Array [
  <nav>
    <a
      href="/"
      onClick={[Function]}
    >
      Home
    </a>
    <a
      href="/about"
      onClick={[Function]}
    >
      About
    </a>
  </nav>,
  <main>
    <div>
      Children content
    </div>
  </main>,
]
`;
